// Jest Snapshot v1, https://goo.gl/fbAQLP

exports[`<HomeView /> should render the heading 1`] = `
.c7 {
  padding: 2rem;
  color: var(--color-neutral-100);
}

.c7 span {
  color: var(--color-danger);
}

.c7 a {
  color: var(--color-primary-pure);
}

.c7 a:hover {
  text-decoration: underline;
}

.c0 {
  width: 100%;
  min-height: 100vh;
  padding: var(--30px);
  display: flex;
  flex-direction: column;
  align-items: center;
  justify-content: center;
  gap: 1rem;
}

.c1 {
  width: min(var(--300px),50%);
}

.c2 {
  color: var(--color-primary-pure);
  font-size: 2rem;
  text-align: center;
}

.c3 {
  font-size: 1.5rem;
  line-height: 140%;
  font-weight: 400;
  width: min(var(--720px),80%);
}

.c4 {
  margin: var(--20px) 0;
  width: min(var(--320px),100%);
}

.c5 {
  font-size: 1.5rem;
}

.c6 {
  background-color: var(--color-neutral-600);
  font-size: 1rem;
  font-weight: 900;
  padding: 1rem;
  display: flex;
  flex-direction: row;
  border: 1px solid var(--color-neutral-100);
  border-radius: var(--4px);
}

@media (max-width:980px) {
  .c3 {
    width: 100%;
  }
}

<div>
  <section
    class="c0"
  >
    <img
      alt="Image with curly brackets in magenta with the text React Next Boilerplate"
      class="c1"
      src="/img/logo.svg"
    />
    <h1
      class="c2"
    >
      Boilerplate to React, NextJS and TypeScript
    </h1>
    <h2
      class="c3"
    >
      Boilerplate with React, NextJS, Typescript, Storybook and Styled Components to get started fast and with minimal configuration
    </h2>
    <img
      alt="Woman in jacket running into an atom"
      class="c4"
      src="/img/hero.svg"
    />
    <p
      class="c5"
    >
      just run
    </p>
    <code
      class="c6"
    >
      <p>
        npx create-next-app -e https://github.com/johnywalves/next-pages-boilerplate
      </p>
    </code>
  </section>
  <div
    class="c7"
  >
    <p>
      Made with 
      <span>
        â™¥
      </span>
       por
       
      <a
        href="https://johnywalves.com.br/"
      >
        Johny W. Alves
      </a>
    </p>
  </div>
</div>
`;
